Archive member included to satisfy reference by file (symbol)

c:/program files (x86)/atmel/studio/7.0/toolchain/arm/arm-gnu-toolchain/bin/../lib/gcc/arm-none-eabi/5.3.1/../../../../arm-none-eabi/lib/armv7-m\libm.a(lib_a-s_round.o)
                              Source/timer.o (round)
c:/program files (x86)/atmel/studio/7.0/toolchain/arm/arm-gnu-toolchain/bin/../lib/gcc/arm-none-eabi/5.3.1/armv7-m\libgcc.a(_arm_addsubdf3.o)
                              Tertiary/PIDController/pid.o (__aeabi_dsub)
c:/program files (x86)/atmel/studio/7.0/toolchain/arm/arm-gnu-toolchain/bin/../lib/gcc/arm-none-eabi/5.3.1/armv7-m\libgcc.a(_arm_muldivdf3.o)
                              Tertiary/PIDController/pid.o (__aeabi_dmul)
c:/program files (x86)/atmel/studio/7.0/toolchain/arm/arm-gnu-toolchain/bin/../lib/gcc/arm-none-eabi/5.3.1/armv7-m\libgcc.a(_arm_cmpdf2.o)
                              Tertiary/PIDController/pid.o (__aeabi_dcmplt)
c:/program files (x86)/atmel/studio/7.0/toolchain/arm/arm-gnu-toolchain/bin/../lib/gcc/arm-none-eabi/5.3.1/armv7-m\libgcc.a(_arm_fixunsdfsi.o)
                              Source/timer.o (__aeabi_d2uiz)
c:/program files (x86)/atmel/studio/7.0/toolchain/arm/arm-gnu-toolchain/bin/../lib/gcc/arm-none-eabi/5.3.1/../../../../arm-none-eabi/lib/armv7-m\libc.a(lib_a-assert.o)
                              Source/pwm.o (__assert_func)
c:/program files (x86)/atmel/studio/7.0/toolchain/arm/arm-gnu-toolchain/bin/../lib/gcc/arm-none-eabi/5.3.1/../../../../arm-none-eabi/lib/armv7-m\libc.a(lib_a-ctype_.o)
                              Tertiary/FixPointMath/fix16_str.o (__ctype_ptr__)
c:/program files (x86)/atmel/studio/7.0/toolchain/arm/arm-gnu-toolchain/bin/../lib/gcc/arm-none-eabi/5.3.1/../../../../arm-none-eabi/lib/armv7-m\libc.a(lib_a-exit.o)
                              c:/program files (x86)/atmel/studio/7.0/toolchain/arm/arm-gnu-toolchain/bin/../lib/gcc/arm-none-eabi/5.3.1/../../../../arm-none-eabi/lib/armv7-m/crt0.o (exit)
c:/program files (x86)/atmel/studio/7.0/toolchain/arm/arm-gnu-toolchain/bin/../lib/gcc/arm-none-eabi/5.3.1/../../../../arm-none-eabi/lib/armv7-m\libc.a(lib_a-fiprintf.o)
                              c:/program files (x86)/atmel/studio/7.0/toolchain/arm/arm-gnu-toolchain/bin/../lib/gcc/arm-none-eabi/5.3.1/../../../../arm-none-eabi/lib/armv7-m\libc.a(lib_a-assert.o) (fiprintf)
c:/program files (x86)/atmel/studio/7.0/toolchain/arm/arm-gnu-toolchain/bin/../lib/gcc/arm-none-eabi/5.3.1/../../../../arm-none-eabi/lib/armv7-m\libc.a(lib_a-impure.o)
                              c:/program files (x86)/atmel/studio/7.0/toolchain/arm/arm-gnu-toolchain/bin/../lib/gcc/arm-none-eabi/5.3.1/../../../../arm-none-eabi/lib/armv7-m\libc.a(lib_a-exit.o) (_global_impure_ptr)
c:/program files (x86)/atmel/studio/7.0/toolchain/arm/arm-gnu-toolchain/bin/../lib/gcc/arm-none-eabi/5.3.1/../../../../arm-none-eabi/lib/armv7-m\libc.a(lib_a-init.o)
                              c:/program files (x86)/atmel/studio/7.0/toolchain/arm/arm-gnu-toolchain/bin/../lib/gcc/arm-none-eabi/5.3.1/../../../../arm-none-eabi/lib/armv7-m/crt0.o (__libc_init_array)
c:/program files (x86)/atmel/studio/7.0/toolchain/arm/arm-gnu-toolchain/bin/../lib/gcc/arm-none-eabi/5.3.1/../../../../arm-none-eabi/lib/armv7-m\libc.a(lib_a-memset.o)
                              c:/program files (x86)/atmel/studio/7.0/toolchain/arm/arm-gnu-toolchain/bin/../lib/gcc/arm-none-eabi/5.3.1/../../../../arm-none-eabi/lib/armv7-m/crt0.o (memset)
c:/program files (x86)/atmel/studio/7.0/toolchain/arm/arm-gnu-toolchain/bin/../lib/gcc/arm-none-eabi/5.3.1/../../../../arm-none-eabi/lib/armv7-m\libc.a(lib_a-vfiprintf.o)
                              c:/program files (x86)/atmel/studio/7.0/toolchain/arm/arm-gnu-toolchain/bin/../lib/gcc/arm-none-eabi/5.3.1/../../../../arm-none-eabi/lib/armv7-m\libc.a(lib_a-fiprintf.o) (_vfiprintf_r)
c:/program files (x86)/atmel/studio/7.0/toolchain/arm/arm-gnu-toolchain/bin/../lib/gcc/arm-none-eabi/5.3.1/../../../../arm-none-eabi/lib/armv7-m\libc.a(lib_a-wsetup.o)
                              c:/program files (x86)/atmel/studio/7.0/toolchain/arm/arm-gnu-toolchain/bin/../lib/gcc/arm-none-eabi/5.3.1/../../../../arm-none-eabi/lib/armv7-m\libc.a(lib_a-vfiprintf.o) (__swsetup_r)
c:/program files (x86)/atmel/studio/7.0/toolchain/arm/arm-gnu-toolchain/bin/../lib/gcc/arm-none-eabi/5.3.1/../../../../arm-none-eabi/lib/armv7-m\libc.a(lib_a-__call_atexit.o)
                              c:/program files (x86)/atmel/studio/7.0/toolchain/arm/arm-gnu-toolchain/bin/../lib/gcc/arm-none-eabi/5.3.1/../../../../arm-none-eabi/lib/armv7-m\libc.a(lib_a-exit.o) (__call_exitprocs)
c:/program files (x86)/atmel/studio/7.0/toolchain/arm/arm-gnu-toolchain/bin/../lib/gcc/arm-none-eabi/5.3.1/../../../../arm-none-eabi/lib/armv7-m\libc.a(lib_a-abort.o)
                              c:/program files (x86)/atmel/studio/7.0/toolchain/arm/arm-gnu-toolchain/bin/../lib/gcc/arm-none-eabi/5.3.1/../../../../arm-none-eabi/lib/armv7-m\libc.a(lib_a-assert.o) (abort)
[...]
Memory Configuration

Name             Origin             Length             Attributes
rom              0x00080000         0x00080000         xr
ram              0x20000000         0x00018000         xrw
*default*        0x00000000         0xffffffff

Linker script and memory map

LOAD c:/program files (x86)/atmel/studio/7.0/toolchain/arm/arm-gnu-toolchain/bin/../lib/gcc/arm-none-eabi/5.3.1/armv7-m/crti.o
LOAD c:/program files (x86)/atmel/studio/7.0/toolchain/arm/arm-gnu-toolchain/bin/../lib/gcc/arm-none-eabi/5.3.1/armv7-m/crtbegin.o
LOAD c:/program files (x86)/atmel/studio/7.0/toolchain/arm/arm-gnu-toolchain/bin/../lib/gcc/arm-none-eabi/5.3.1/../../../../arm-none-eabi/lib/armv7-m/crt0.o
LOAD Device_Startup/startup_sam3xa.o
LOAD Device_Startup/system_sam3xa.o
LOAD libraries.o
LOAD main.o
LOAD Peripherals/VCNL4010.o
LOAD Peripherals/LSM9DS0.o
LOAD Source/dacc.o
LOAD Source/definitions.o
LOAD Source/ioController.o
LOAD Source/pio.o
LOAD Source/pmc.o
LOAD Source/pwm.o
LOAD Source/ringbuffer.o
LOAD Source/rng.o
LOAD Source/rtc.o
LOAD Source/rtt.o
LOAD Source/scheduler.o
LOAD Source/spi.o
LOAD Source/tc.o
LOAD Source/timer.o
LOAD Source/timetick.o
LOAD Source/twi.o
LOAD Source/UART.o
LOAD Source/USART.o
LOAD Tertiary/FixPointMath/fix16.o
LOAD Tertiary/FixPointMath/fix16_exp.o
LOAD Tertiary/FixPointMath/fix16_sqrt.o
LOAD Tertiary/FixPointMath/fix16_str.o
LOAD Tertiary/FixPointMath/fix16_trig.o
LOAD Tertiary/FixPointMath/fix8.o
LOAD Tertiary/FixPointMath/fract32.o
LOAD Tertiary/FixPointMath/uint32.o
LOAD Tertiary/PIDController/pid.o
LOAD Tertiary/Qfplib/qfpio.o
LOAD Tertiary/Qfplib/qfplib-m3.o
LOAD Tertiary/Qfplib/qfplib.o
START GROUP
END GROUP
LOAD c:/program files (x86)/atmel/studio/7.0/toolchain/arm/arm-gnu-toolchain/bin/../lib/gcc/arm-none-eabi/5.3.1/../../../../arm-none-eabi/lib/armv7-m\libstdc++.a
LOAD c:/program files (x86)/atmel/studio/7.0/toolchain/arm/arm-gnu-toolchain/bin/../lib/gcc/arm-none-eabi/5.3.1/../../../../arm-none-eabi/lib/armv7-m\libm.a
START GROUP
LOAD c:/program files (x86)/atmel/studio/7.0/toolchain/arm/arm-gnu-toolchain/bin/../lib/gcc/arm-none-eabi/5.3.1/armv7-m\libgcc.a
LOAD c:/program files (x86)/atmel/studio/7.0/toolchain/arm/arm-gnu-toolchain/bin/../lib/gcc/arm-none-eabi/5.3.1/../../../../arm-none-eabi/lib/armv7-m\libc.a
END GROUP
LOAD c:/program files (x86)/atmel/studio/7.0/toolchain/arm/arm-gnu-toolchain/bin/../lib/gcc/arm-none-eabi/5.3.1/armv7-m/crtend.o
LOAD c:/program files (x86)/atmel/studio/7.0/toolchain/arm/arm-gnu-toolchain/bin/../lib/gcc/arm-none-eabi/5.3.1/armv7-m/crtn.o
                0x00000400                STACK_SIZE = DEFINED (STACK_SIZE)?STACK_SIZE:0x400
                0x00000200                HEAP_SIZE = DEFINED (HEAP_SIZE)?HEAP_SIZE:0x200

.text           0x00080000     0x2044
                0x00080000                . = ALIGN (0x4)
                0x00080000                _sfixed = .
 *(.vectors .vectors.*)
 .vectors       0x00080000       0xf4 Device_Startup/startup_sam3xa.o
                0x00080000                exception_table
 *(.text .text.* .gnu.linkonce.t.*)
 .text          0x000800f4       0x5c c:/program files (x86)/atmel/studio/7.0/toolchain/arm/arm-gnu-toolchain/bin/../lib/gcc/arm-none-eabi/5.3.1/armv7-m/crtbegin.o
 .text.Dummy_Handler
                0x00080150        0x4 Device_Startup/startup_sam3xa.o
                0x00080150                DACC_Handler
                0x00080150                DebugMon_Handler
                0x00080150                DMAC_Handler
                0x00080150                TRNG_Handler
                0x00080150                HardFault_Handler
                0x00080150                TC2_Handler
                0x00080150                SysTick_Handler
                0x00080150                PendSV_Handler
                0x00080150                NMI_Handler
                0x00080150                TC7_Handler
                0x00080150                ADC_Handler
                0x00080150                SMC_Handler
                0x00080150                RTT_Handler
                0x00080150                EFC1_Handler
                0x00080150                PIOB_Handler
                0x00080150                RTC_Handler
                0x00080150                UsageFault_Handler
                0x00080150                TC6_Handler
                0x00080150                WDT_Handler
                0x00080150                CAN0_Handler
                0x00080150                TC4_Handler
                0x00080150                TC1_Handler
                0x00080150                HSMCI_Handler
                0x00080150                TC3_Handler
                0x00080150                Dummy_Handler
                0x00080150                PIOA_Handler
                0x00080150                SSC_Handler
                0x00080150                EFC0_Handler
                0x00080150                PMC_Handler
                0x00080150                PWM_Handler
                0x00080150                CAN1_Handler
                0x00080150                MemManage_Handler
                0x00080150                SUPC_Handler
                0x00080150                SVC_Handler
                0x00080150                TC8_Handler
                0x00080150                USART2_Handler
                0x00080150                PIOD_Handler
                0x00080150                EMAC_Handler
                0x00080150                PIOC_Handler
                0x00080150                BusFault_Handler
                0x00080150                RSTC_Handler
                0x00080150                TC5_Handler
                0x00080150                UOTGHS_Handler
 .text.Reset_Handler
                0x00080154       0x9c Device_Startup/startup_sam3xa.o
                0x00080154                Reset_Handler
 .text.SystemInit
                0x000801f0       0xa4 Device_Startup/system_sam3xa.o
                0x000801f0                SystemInit
 .text.UART_Handler
                0x00080294       0x10 libraries.o
                0x00080294                UART_Handler
 .text.USART0_Handler
                0x000802a4       0x10 libraries.o
                0x000802a4                USART0_Handler
 .text.USART1_Handler
                0x000802b4       0x10 libraries.o
                0x000802b4                USART1_Handler
 .text.USART3_Handler
                0x000802c4       0x10 libraries.o
                0x000802c4                USART3_Handler
 .text.TWI0_Handler
                0x000802d4       0x10 libraries.o
                0x000802d4                TWI0_Handler
 .text.TWI1_Handler
                0x000802e4       0x10 libraries.o
                0x000802e4                TWI1_Handler
 .text.SPI0_Handler
                0x000802f4       0x10 libraries.o
                0x000802f4                SPI0_Handler
 .text.TC0_Handler
                0x00080304       0x10 libraries.o
                0x00080304                TC0_Handler
 .text.startup._GLOBAL__sub_I_taskList
                0x00080314       0x8c libraries.o
 .text._Z8testFuncv
                0x000803a0       0x54 main.o
                0x000803a0                testFunc()
 .text.startup.main
                0x000803f4       0x7c main.o
                0x000803f4                main
 .text.startup._GLOBAL__sub_I_LSM
                0x00080470       0x40 main.o
 .text._ZN8VCNL4010C2EP12TwoWireClass
                0x000804b0        0x4 Peripherals/VCNL4010.o
                0x000804b0                VCNL4010::VCNL4010(TwoWireClass*)
                0x000804b0                VCNL4010::VCNL4010(TwoWireClass*)
 .text._ZN7LSM9DS0C2EP8SPIClassmmmmml
                0x000804b4       0x4c Peripherals/LSM9DS0.o
                0x000804b4                LSM9DS0::LSM9DS0(SPIClass*, unsigned long, unsigned long, unsigned long, unsigned long, unsigned long, long)
                0x000804b4                LSM9DS0::LSM9DS0(SPIClass*, unsigned long, unsigned long, unsigned long, unsigned long, unsigned long, long)
 .text._Z7pinModemm
                0x00080500       0x70 Source/ioController.o
                0x00080500                pinMode(unsigned long, unsigned long)
 .text._Z12digitalWritemm
                0x00080570       0x38 Source/ioController.o
                0x00080570                digitalWrite(unsigned long, unsigned long)
 .text._Z10PIO_setPinP3Piom
                0x000805a8        0x8 Source/pio.o
                0x000805a8                PIO_setPin(Pio*, unsigned long)
 .text._Z12PIO_clearPinP3Piom
                0x000805b0        0x8 Source/pio.o
                0x000805b0                PIO_clearPin(Pio*, unsigned long)
 .text._Z16PIO_configurePinP3Piom8_pioTypemm
                0x000805b8       0xc0 Source/pio.o
                0x000805b8                PIO_configurePin(Pio*, unsigned long, _pioType, unsigned long, unsigned long)
 .text.pmc_enable_periph_clk
                0x00080678       0x44 Source/pmc.o
                0x00080678                pmc_enable_periph_clk
 .text._ZN15RingBufferClassC2Ev
                0x000806bc        0x4 Source/ringbuffer.o
                0x000806bc                RingBufferClass::RingBufferClass()
                0x000806bc                RingBufferClass::RingBufferClass()
 .text._ZN15RingBufferClassC2EPmm
                0x000806c0       0x24 Source/ringbuffer.o
                0x000806c0                RingBufferClass::RingBufferClass(unsigned long*, unsigned long)
                0x000806c0                RingBufferClass::RingBufferClass(unsigned long*, unsigned long)
 .text._ZN15RingBufferClass5flushEv
                0x000806e4       0x14 Source/ringbuffer.o
                0x000806e4                RingBufferClass::flush()
 .text._ZN15RingBufferClass5writeEm
                0x000806f8       0x44 Source/ringbuffer.o
                0x000806f8                RingBufferClass::write(unsigned long)
 .text._ZN15RingBufferClass4readEv
                0x0008073c       0x40 Source/ringbuffer.o
                0x0008073c                RingBufferClass::read()
 .text._ZN15RingBufferClass4peekEv
                0x0008077c        0xc Source/ringbuffer.o
                0x0008077c                RingBufferClass::peek()
 .text._ZN15RingBufferClass15availableToReadEv
                0x00080788        0x4 Source/ringbuffer.o
                0x00080788                RingBufferClass::availableToRead()
 .text._ZN9SchedulerC2Ev
                0x0008078c       0x14 Source/scheduler.o
                0x0008078c                Scheduler::Scheduler()
                0x0008078c                Scheduler::Scheduler()
 .text._ZN9Scheduler6updateEv
                0x000807a0      0x138 Source/scheduler.o
                0x000807a0                Scheduler::update()
 .text._ZN9Scheduler8scheduleEPFvvEj
                0x000808d8       0x30 Source/scheduler.o
                0x000808d8                Scheduler::schedule(void (*)(), unsigned int)
 .text._ZN8SPIClassC2Ev
                0x00080908       0x64 Source/spi.o
                0x00080908                SPIClass::SPIClass()
                0x00080908                SPIClass::SPIClass()
 .text._ZN8SPIClass10IRQHandlerEv
                0x0008096c        0x4 Source/spi.o
                0x0008096c                SPIClass::IRQHandler()
 .text._Z12TC_ConfigureP2Tcmm
                0x00080970       0x18 Source/tc.o
                0x00080970                TC_Configure(Tc*, unsigned long, unsigned long)
 .text._Z8TC_StartP2Tcm
                0x00080988        0x8 Source/tc.o
                0x00080988                TC_Start(Tc*, unsigned long)
 .text._Z17TC_FindMckDivisormmPmS_m
                0x00080990       0xf8 Source/tc.o
                0x00080990                TC_FindMckDivisor(unsigned long, unsigned long, unsigned long*, unsigned long*, unsigned long)
 .text._Z12TC_GetStatusP2Tcm
                0x00080a88        0x8 Source/tc.o
                0x00080a88                TC_GetStatus(Tc*, unsigned long)
 .text._Z8TC_SetRCP2Tcmm
                0x00080a90        0x8 Source/tc.o
                0x00080a90                TC_SetRC(Tc*, unsigned long, unsigned long)
 .text._ZN15SystemTickClassC2Emm
                0x00080a98      0x1b8 Source/timer.o
                0x00080a98                SystemTickClass::SystemTickClass(unsigned long, unsigned long)
                0x00080a98                SystemTickClass::SystemTickClass(unsigned long, unsigned long)
 .text._ZN15SystemTickClass10IRQHandlerEv
                0x00080c50       0x24 Source/timer.o
                0x00080c50                SystemTickClass::IRQHandler()
 .text._Z17delayMillisecondsm
                0x00080c74       0x40 Source/timer.o
                0x00080c74                delayMilliseconds(unsigned long)
 .text._Z6millisv
                0x00080cb4       0x24 Source/timer.o
                0x00080cb4                millis()
 .text._ZN12TwoWireClassC2EP3Twi
                0x00080cd8      0x14c Source/twi.o
                0x00080cd8                TwoWireClass::TwoWireClass(Twi*)
                0x00080cd8                TwoWireClass::TwoWireClass(Twi*)
 .text._ZN12TwoWireClass5beginEv
                0x00080e24       0xb8 Source/twi.o
                0x00080e24                TwoWireClass::begin()
 .text._ZN12TwoWireClass17beginTransmissionEh
                0x00080edc       0x28 Source/twi.o
                0x00080edc                TwoWireClass::beginTransmission(unsigned char)
 .text._ZN12TwoWireClass5writeEm
                0x00080f04       0x18 Source/twi.o
                0x00080f04                TwoWireClass::write(unsigned long)
 .text._ZN12TwoWireClass15endTransmissionEv
                0x00080f1c       0xc4 Source/twi.o
                0x00080f1c                TwoWireClass::endTransmission()
 .text._ZN12TwoWireClass11requestFromEhh
                0x00080fe0       0x90 Source/twi.o
                0x00080fe0                TwoWireClass::requestFrom(unsigned char, unsigned char)
 .text._ZN12TwoWireClass10IRQHandlerEv
                0x00081070      0x130 Source/twi.o
                0x00081070                TwoWireClass::IRQHandler()
 .text._ZN9UARTClassC2Ev
                0x000811a0       0x30 Source/UART.o
                0x000811a0                UARTClass::UARTClass()
                0x000811a0                UARTClass::UARTClass()
 .text._ZN9UARTClass10IrqHandlerEv
                0x000811d0       0x60 Source/UART.o
                0x000811d0                UARTClass::IrqHandler()
 .text._ZN10USARTClassC2Em
                0x00081230       0x78 Source/USART.o
                0x00081230                USARTClass::USARTClass(unsigned long)
                0x00081230                USARTClass::USARTClass(unsigned long)
 .text._ZN10USARTClass5beginEv
                0x000812a8       0xf8 Source/USART.o
                0x000812a8                USARTClass::begin()
 .text._ZN10USARTClass10IrqHandlerEv
                0x000813a0       0x6c Source/USART.o
                0x000813a0                USARTClass::IrqHandler()
 .text.__libc_init_array
                0x0008140c       0x50 c:/program files (x86)/atmel/studio/7.0/toolchain/arm/arm-gnu-toolchain/bin/../lib/gcc/arm-none-eabi/5.3.1/../../../../arm-none-eabi/lib/armv7-m\libc.a(lib_a-init.o)
                0x0008140c                __libc_init_array
 .text.memset   0x0008145c       0x9c c:/program files (x86)/atmel/studio/7.0/toolchain/arm/arm-gnu-toolchain/bin/../lib/gcc/arm-none-eabi/5.3.1/../../../../arm-none-eabi/lib/armv7-m\libc.a(lib_a-memset.o)
                0x0008145c                memset
 .text.startup.register_fini
                0x000814f8       0x14 c:/program files (x86)/atmel/studio/7.0/toolchain/arm/arm-gnu-toolchain/bin/../lib/gcc/arm-none-eabi/5.3.1/../../../../arm-none-eabi/lib/armv7-m\libc.a(lib_a-__call_atexit.o)
 .text.atexit   0x0008150c        0xc c:/program files (x86)/atmel/studio/7.0/toolchain/arm/arm-gnu-toolchain/bin/../lib/gcc/arm-none-eabi/5.3.1/../../../../arm-none-eabi/lib/armv7-m\libc.a(lib_a-atexit.o)
                0x0008150c                atexit
 .text.__libc_fini_array
                0x00081518       0x28 c:/program files (x86)/atmel/studio/7.0/toolchain/arm/arm-gnu-toolchain/bin/../lib/gcc/arm-none-eabi/5.3.1/../../../../arm-none-eabi/lib/armv7-m\libc.a(lib_a-fini.o)
                0x00081518                __libc_fini_array
 .text.__register_exitproc
                0x00081540       0xa4 c:/program files (x86)/atmel/studio/7.0/toolchain/arm/arm-gnu-toolchain/bin/../lib/gcc/arm-none-eabi/5.3.1/../../../../arm-none-eabi/lib/armv7-m\libc.a(lib_a-__atexit.o)
                0x00081540                __register_exitproc
 *(.glue_7t)
 .glue_7t       0x000815e4        0x0 linker stubs
 *(.glue_7)
 .glue_7        0x000815e4        0x0 linker stubs
 *(.rodata .rodata* .gnu.linkonce.r.*)
 .rodata.pinCharacteristic
                0x000815e4      0xa2c Source/pio.o
                0x000815e4                pinCharacteristic
 .rodata.str1.4
                0x00082010        0x4 c:/program files (x86)/atmel/studio/7.0/toolchain/arm/arm-gnu-toolchain/bin/../lib/gcc/arm-none-eabi/5.3.1/../../../../arm-none-eabi/lib/armv7-m\libc.a(lib_a-impure.o)
                                  0x2 (size before relaxing)
 .rodata._global_impure_ptr
                0x00082014        0x4 c:/program files (x86)/atmel/studio/7.0/toolchain/arm/arm-gnu-toolchain/bin/../lib/gcc/arm-none-eabi/5.3.1/../../../../arm-none-eabi/lib/armv7-m\libc.a(lib_a-impure.o)
                0x00082014                _global_impure_ptr
 *(.ARM.extab* .gnu.linkonce.armextab.*)
                0x00082018                . = ALIGN (0x4)
 *(.init)
 .init          0x00082018        0x4 c:/program files (x86)/atmel/studio/7.0/toolchain/arm/arm-gnu-toolchain/bin/../lib/gcc/arm-none-eabi/5.3.1/armv7-m/crti.o
                0x00082018                _init
 .init          0x0008201c        0x8 c:/program files (x86)/atmel/studio/7.0/toolchain/arm/arm-gnu-toolchain/bin/../lib/gcc/arm-none-eabi/5.3.1/armv7-m/crtn.o
                0x00082024                . = ALIGN (0x4)
                0x00082024                __preinit_array_start = .
 *(.preinit_array)
                0x00082024                __preinit_array_end = .
                0x00082024                . = ALIGN (0x4)
                0x00082024                __init_array_start = .
 *(SORT(.init_array.*))
 .init_array.00000
                0x00082024        0x4 c:/program files (x86)/atmel/studio/7.0/toolchain/arm/arm-gnu-toolchain/bin/../lib/gcc/arm-none-eabi/5.3.1/../../../../arm-none-eabi/lib/armv7-m\libc.a(lib_a-__call_atexit.o)
 *(.init_array)
 .init_array    0x00082028        0x4 c:/program files (x86)/atmel/studio/7.0/toolchain/arm/arm-gnu-toolchain/bin/../lib/gcc/arm-none-eabi/5.3.1/armv7-m/crtbegin.o
 .init_array    0x0008202c        0x4 libraries.o
 .init_array    0x00082030        0x4 main.o
                0x00082034                __init_array_end = .
                0x00082034                . = ALIGN (0x4)
 *crtbegin.o(.ctors)
 *(EXCLUDE_FILE(*crtend.o) .ctors)
 *(SORT(.ctors.*))
 *crtend.o(.ctors)
                0x00082034                . = ALIGN (0x4)
 *(.fini)
 .fini          0x00082034        0x4 c:/program files (x86)/atmel/studio/7.0/toolchain/arm/arm-gnu-toolchain/bin/../lib/gcc/arm-none-eabi/5.3.1/armv7-m/crti.o
                0x00082034                _fini
 .fini          0x00082038        0x8 c:/program files (x86)/atmel/studio/7.0/toolchain/arm/arm-gnu-toolchain/bin/../lib/gcc/arm-none-eabi/5.3.1/armv7-m/crtn.o
                0x00082040                . = ALIGN (0x4)
                0x00082040                __fini_array_start = .
 *(.fini_array)
 .fini_array    0x00082040        0x4 c:/program files (x86)/atmel/studio/7.0/toolchain/arm/arm-gnu-toolchain/bin/../lib/gcc/arm-none-eabi/5.3.1/armv7-m/crtbegin.o
 *(SORT(.fini_array.*))
                0x00082044                __fini_array_end = .
 *crtbegin.o(.dtors)
 *(EXCLUDE_FILE(*crtend.o) .dtors)
 *(SORT(.dtors.*))
 *crtend.o(.dtors)
                0x00082044                . = ALIGN (0x4)
                0x00082044                _efixed = .
                [!provide]                PROVIDE (__exidx_start, .)

.vfp11_veneer   0x00082044        0x0
 .vfp11_veneer  0x00082044        0x0 linker stubs

.v4_bx          0x00082044        0x0
 .v4_bx         0x00082044        0x0 linker stubs

.iplt           0x00082044        0x0
 .iplt          0x00082044        0x0 c:/program files (x86)/atmel/studio/7.0/toolchain/arm/arm-gnu-toolchain/bin/../lib/gcc/arm-none-eabi/5.3.1/armv7-m/crtbegin.o

.eh_frame       0x00082044        0x0
 .eh_frame      0x00082044        0x0 c:/program files (x86)/atmel/studio/7.0/toolchain/arm/arm-gnu-toolchain/bin/../lib/gcc/arm-none-eabi/5.3.1/armv7-m/crtbegin.o

.rel.dyn        0x00082044        0x0
 .rel.iplt      0x00082044        0x0 c:/program files (x86)/atmel/studio/7.0/toolchain/arm/arm-gnu-toolchain/bin/../lib/gcc/arm-none-eabi/5.3.1/armv7-m/crtbegin.o

.jcr            0x00082044        0x0
 .jcr           0x00082044        0x0 c:/program files (x86)/atmel/studio/7.0/toolchain/arm/arm-gnu-toolchain/bin/../lib/gcc/arm-none-eabi/5.3.1/armv7-m/crtbegin.o

.igot.plt       0x00082044        0x0
 .igot.plt      0x00082044        0x0 c:/program files (x86)/atmel/studio/7.0/toolchain/arm/arm-gnu-toolchain/bin/../lib/gcc/arm-none-eabi/5.3.1/armv7-m/crtbegin.o

.ARM.exidx
 *(.ARM.exidx* .gnu.linkonce.armexidx.*)
                [!provide]                PROVIDE (__exidx_end, .)
                0x00082044                . = ALIGN (0x4)
                0x00082044                _etext = .

.relocate       0x20000000      0x430 load address 0x00082044
                0x20000000                . = ALIGN (0x4)
                0x20000000                _srelocate = .
 *(.ramfunc .ramfunc.*)
 *(.data .data.*)
 .data.SystemCoreClock
                0x20000000        0x4 Device_Startup/system_sam3xa.o
                0x20000000                SystemCoreClock
 *fill*         0x20000004        0x4 
 .data.impure_data
                0x20000008      0x428 c:/program files (x86)/atmel/studio/7.0/toolchain/arm/arm-gnu-toolchain/bin/../lib/gcc/arm-none-eabi/5.3.1/../../../../arm-none-eabi/lib/armv7-m\libc.a(lib_a-impure.o)
                0x20000430                . = ALIGN (0x4)
                0x20000430                _erelocate = .

.bss            0x20000430     0x1800 load address 0x00082474
                0x20000430                . = ALIGN (0x4)
                0x20000430                _sbss = .
                0x20000430                _szero = .
 *(.bss .bss.*)
 .bss           0x20000430       0x1c c:/program files (x86)/atmel/studio/7.0/toolchain/arm/arm-gnu-toolchain/bin/../lib/gcc/arm-none-eabi/5.3.1/armv7-m/crtbegin.o
 .bss.taskList  0x2000044c      0x260 libraries.o
                0x2000044c                taskList
 .bss.Wire1     0x200006ac      0x144 libraries.o
                0x200006ac                Wire1
 .bss.milliSysTick
                0x200007f0       0x24 libraries.o
                0x200007f0                milliSysTick
 .bss.Serial    0x20000814       0xbc libraries.o
                0x20000814                Serial
 .bss.Serial1   0x200008d0      0x50c libraries.o
                0x200008d0                Serial1
 .bss.Serial2   0x20000ddc      0x50c libraries.o
                0x20000ddc                Serial2
 .bss.Serial3   0x200012e8      0x50c libraries.o
                0x200012e8                Serial3
 .bss.Wire      0x200017f4      0x144 libraries.o
                0x200017f4                Wire
 .bss.SPI       0x20001938      0x230 libraries.o
                0x20001938                SPI
 .bss.PROX      0x20001b68        0x8 main.o
                0x20001b68                PROX
 .bss.LSM       0x20001b70       0xc0 main.o
                0x20001b70                LSM
 *(COMMON)
                0x20001c30                . = ALIGN (0x4)
                0x20001c30                _ebss = .
                0x20001c30                _ezero = .

.stack          0x20001c30      0x400 load address 0x00083c74
                0x20001c30                . = ALIGN (0x8)
                0x20001c30                _sstack = .
                0x20002030                . = (. + STACK_SIZE)
 *fill*         0x20001c30      0x400 
                0x20002030                . = ALIGN (0x8)
                0x20002030                _estack = .

.heap           0x20002030      0x200 load address 0x00084074
                0x20002030                . = ALIGN (0x8)
                0x20002030                _sheap = .
                0x20002230                . = (. + HEAP_SIZE)
 *fill*         0x20002030      0x200 
                0x20002230                . = ALIGN (0x8)
                0x20002230                _eheap = .
                0x20002230                . = ALIGN (0x4)
                0x20002230                _end = .
                0x20017fff                _ram_end_ = ((ORIGIN (ram) + LENGTH (ram)) - 0x1)
OUTPUT(SAM3X8E_OfficialDevelopment.elf elf32-littlearm)

.ARM.attributes
                0x00000000       0x29
 .ARM.attributes
                0x00000000       0x1d c:/program files (x86)/atmel/studio/7.0/toolchain/arm/arm-gnu-toolchain/bin/../lib/gcc/arm-none-eabi/5.3.1/armv7-m/crti.o
 .ARM.attributes
                0x0000001d       0x2d c:/program files (x86)/atmel/studio/7.0/toolchain/arm/arm-gnu-toolchain/bin/../lib/gcc/arm-none-eabi/5.3.1/armv7-m/crtbegin.o
 .ARM.attributes
                0x0000004a       0x33 Device_Startup/startup_sam3xa.o
 .ARM.attributes
                0x0000007d       0x33 Device_Startup/system_sam3xa.o
 .ARM.attributes
                0x000000b0       0x33 libraries.o
 .ARM.attributes
                0x000000e3       0x33 main.o
 .ARM.attributes
                0x00000116       0x33 Peripherals/VCNL4010.o
 .ARM.attributes
                0x00000149       0x33 Peripherals/LSM9DS0.o
 .ARM.attributes
                0x0000017c       0x33 Source/ioController.o
 .ARM.attributes
                0x000001af       0x33 Source/pio.o
 .ARM.attributes
                0x000001e2       0x33 Source/pmc.o
 .ARM.attributes
                0x00000215       0x33 Source/ringbuffer.o
 .ARM.attributes
                0x00000248       0x33 Source/scheduler.o
 .ARM.attributes
                0x0000027b       0x33 Source/spi.o
 .ARM.attributes
                0x000002ae       0x33 Source/tc.o
 .ARM.attributes
                0x000002e1       0x33 Source/timer.o
 .ARM.attributes
                0x00000314       0x33 Source/twi.o
 .ARM.attributes
                0x00000347       0x33 Source/UART.o
 .ARM.attributes
                0x0000037a       0x33 Source/USART.o
 .ARM.attributes
                0x000003ad       0x2d c:/program files (x86)/atmel/studio/7.0/toolchain/arm/arm-gnu-toolchain/bin/../lib/gcc/arm-none-eabi/5.3.1/../../../../arm-none-eabi/lib/armv7-m\libc.a(lib_a-impure.o)
 .ARM.attributes
                0x000003da       0x2d c:/program files (x86)/atmel/studio/7.0/toolchain/arm/arm-gnu-toolchain/bin/../lib/gcc/arm-none-eabi/5.3.1/../../../../arm-none-eabi/lib/armv7-m\libc.a(lib_a-init.o)
 .ARM.attributes
                0x00000407       0x2d c:/program files (x86)/atmel/studio/7.0/toolchain/arm/arm-gnu-toolchain/bin/../lib/gcc/arm-none-eabi/5.3.1/../../../../arm-none-eabi/lib/armv7-m\libc.a(lib_a-memset.o)
 .ARM.attributes
                0x00000434       0x2d c:/program files (x86)/atmel/studio/7.0/toolchain/arm/arm-gnu-toolchain/bin/../lib/gcc/arm-none-eabi/5.3.1/../../../../arm-none-eabi/lib/armv7-m\libc.a(lib_a-__call_atexit.o)
 .ARM.attributes
                0x00000461       0x2d c:/program files (x86)/atmel/studio/7.0/toolchain/arm/arm-gnu-toolchain/bin/../lib/gcc/arm-none-eabi/5.3.1/../../../../arm-none-eabi/lib/armv7-m\libc.a(lib_a-atexit.o)
 .ARM.attributes
                0x0000048e       0x2d c:/program files (x86)/atmel/studio/7.0/toolchain/arm/arm-gnu-toolchain/bin/../lib/gcc/arm-none-eabi/5.3.1/../../../../arm-none-eabi/lib/armv7-m\libc.a(lib_a-fini.o)
 .ARM.attributes
                0x000004bb       0x2d c:/program files (x86)/atmel/studio/7.0/toolchain/arm/arm-gnu-toolchain/bin/../lib/gcc/arm-none-eabi/5.3.1/../../../../arm-none-eabi/lib/armv7-m\libc.a(lib_a-__atexit.o)
 .ARM.attributes
                0x000004e8       0x1d c:/program files (x86)/atmel/studio/7.0/toolchain/arm/arm-gnu-toolchain/bin/../lib/gcc/arm-none-eabi/5.3.1/armv7-m/crtn.o

.comment        0x00000000       0x59
 .comment       0x00000000       0x59 Device_Startup/startup_sam3xa.o
                                 0x5a (size before relaxing)
 .comment       0x00000059       0x5a Device_Startup/system_sam3xa.o
 .comment       0x00000059       0x5a libraries.o
 .comment       0x00000059       0x5a main.o
 .comment       0x00000059       0x5a Peripherals/VCNL4010.o
 .comment       0x00000059       0x5a Peripherals/LSM9DS0.o
 .comment       0x00000059       0x5a Source/ioController.o
 .comment       0x00000059       0x5a Source/pio.o
 .comment       0x00000059       0x5a Source/pmc.o
 .comment       0x00000059       0x5a Source/ringbuffer.o
 .comment       0x00000059       0x5a Source/scheduler.o
 .comment       0x00000059       0x5a Source/spi.o
 .comment       0x00000059       0x5a Source/tc.o
 .comment       0x00000059       0x5a Source/timer.o
 .comment       0x00000059       0x5a Source/twi.o
 .comment       0x00000059       0x5a Source/UART.o
 .comment       0x00000059       0x5a Source/USART.o

.debug_info     0x00000000    0x1a344
 .debug_info    0x00000000      0x707 Device_Startup/startup_sam3xa.o
 .debug_info    0x00000707      0x450 Device_Startup/system_sam3xa.o
 .debug_info    0x00000b57     0x2297 libraries.o
 .debug_info    0x00002dee     0x2825 main.o
 .debug_info    0x00005613     0x185a Peripherals/VCNL4010.o
 .debug_info    0x00006e6d     0x4eba Peripherals/LSM9DS0.o
 .debug_info    0x0000bd27      0xb38 Source/ioController.o
 .debug_info    0x0000c85f     0x1033 Source/pio.o
 .debug_info    0x0000d892      0x856 Source/pmc.o
 .debug_info    0x0000e0e8      0x859 Source/ringbuffer.o
 .debug_info    0x0000e941      0x78c Source/scheduler.o
 .debug_info    0x0000f0cd     0x1e12 Source/spi.o
 .debug_info    0x00010edf      0x802 Source/tc.o
 .debug_info    0x000116e1     0x298b Source/timer.o
 .debug_info    0x0001406c     0x2b55 Source/twi.o
 .debug_info    0x00016bc1     0x18f4 Source/UART.o
 .debug_info    0x000184b5     0x1e8f Source/USART.o

.debug_abbrev   0x00000000     0x3aa8
 .debug_abbrev  0x00000000      0x145 Device_Startup/startup_sam3xa.o
 .debug_abbrev  0x00000145       0xf5 Device_Startup/system_sam3xa.o
 .debug_abbrev  0x0000023a      0x372 libraries.o
 .debug_abbrev  0x000005ac      0x443 main.o
 .debug_abbrev  0x000009ef      0x440 Peripherals/VCNL4010.o
 .debug_abbrev  0x00000e2f      0x59f Peripherals/LSM9DS0.o
 .debug_abbrev  0x000013ce      0x224 Source/ioController.o
 .debug_abbrev  0x000015f2      0x2c9 Source/pio.o
 .debug_abbrev  0x000018bb      0x1e8 Source/pmc.o
 .debug_abbrev  0x00001aa3      0x260 Source/ringbuffer.o
 .debug_abbrev  0x00001d03      0x2f3 Source/scheduler.o
 .debug_abbrev  0x00001ff6      0x51b Source/spi.o
 .debug_abbrev  0x00002511      0x1bc Source/tc.o
 .debug_abbrev  0x000026cd      0x63d Source/timer.o
 .debug_abbrev  0x00002d0a      0x619 Source/twi.o
 .debug_abbrev  0x00003323      0x389 Source/UART.o
 .debug_abbrev  0x000036ac      0x3fc Source/USART.o

.debug_loc      0x00000000     0xae1b
 .debug_loc     0x00000000       0x5e Device_Startup/startup_sam3xa.o
 .debug_loc     0x0000005e       0x2c libraries.o
 .debug_loc     0x0000008a       0x90 main.o
 .debug_loc     0x0000011a      0x72d Peripherals/VCNL4010.o
 .debug_loc     0x00000847     0x42b6 Peripherals/LSM9DS0.o
 .debug_loc     0x00004afd      0x272 Source/ioController.o
 .debug_loc     0x00004d6f      0x68a Source/pio.o
 .debug_loc     0x000053f9      0x47f Source/pmc.o
 .debug_loc     0x00005878      0x3e9 Source/ringbuffer.o
 .debug_loc     0x00005c61      0x47f Source/scheduler.o
 .debug_loc     0x000060e0      0xb49 Source/spi.o
 .debug_loc     0x00006c29      0x37c Source/tc.o
 .debug_loc     0x00006fa5      0xd3c Source/timer.o
 .debug_loc     0x00007ce1     0x19ff Source/twi.o
 .debug_loc     0x000096e0      0x8b4 Source/UART.o
 .debug_loc     0x00009f94      0xe87 Source/USART.o

.debug_aranges  0x00000000      0x8a8
 .debug_aranges
                0x00000000       0x28 Device_Startup/startup_sam3xa.o
 .debug_aranges
                0x00000028       0x30 Device_Startup/system_sam3xa.o
 .debug_aranges
                0x00000058       0x60 libraries.o
 .debug_aranges
                0x000000b8       0x30 main.o
 .debug_aranges
                0x000000e8       0x70 Peripherals/VCNL4010.o
 .debug_aranges
                0x00000158      0x118 Peripherals/LSM9DS0.o
 .debug_aranges
                0x00000270       0x50 Source/ioController.o
 .debug_aranges
                0x000002c0       0x88 Source/pio.o
 .debug_aranges
                0x00000348       0x90 Source/pmc.o
 .debug_aranges
                0x000003d8       0x60 Source/ringbuffer.o
 .debug_aranges
                0x00000438       0x38 Source/scheduler.o
 .debug_aranges
                0x00000470       0xb8 Source/spi.o
 .debug_aranges
                0x00000528       0x60 Source/tc.o
 .debug_aranges
                0x00000588       0xe8 Source/timer.o
 .debug_aranges
                0x00000670      0x178 Source/twi.o
 .debug_aranges
                0x000007e8       0x58 Source/UART.o
 .debug_aranges
                0x00000840       0x68 Source/USART.o

.debug_ranges   0x00000000     0x1bb8
 .debug_ranges  0x00000000       0x18 Device_Startup/startup_sam3xa.o
 .debug_ranges  0x00000018       0x20 Device_Startup/system_sam3xa.o
 .debug_ranges  0x00000038       0x68 libraries.o
 .debug_ranges  0x000000a0       0x40 main.o
 .debug_ranges  0x000000e0       0xc8 Peripherals/VCNL4010.o
 .debug_ranges  0x000001a8      0x6e8 Peripherals/LSM9DS0.o
 .debug_ranges  0x00000890       0x40 Source/ioController.o
 .debug_ranges  0x000008d0      0x148 Source/pio.o
 .debug_ranges  0x00000a18       0x80 Source/pmc.o
 .debug_ranges  0x00000a98       0xd0 Source/ringbuffer.o
 .debug_ranges  0x00000b68       0xa0 Source/scheduler.o
 .debug_ranges  0x00000c08      0x220 Source/spi.o
 .debug_ranges  0x00000e28       0x50 Source/tc.o
 .debug_ranges  0x00000e78      0x4b0 Source/timer.o
 .debug_ranges  0x00001328      0x4d8 Source/twi.o
 .debug_ranges  0x00001800       0xa8 Source/UART.o
 .debug_ranges  0x000018a8      0x310 Source/USART.o

.debug_macro    0x00000000     0xf9fd
 .debug_macro   0x00000000      0x353 Device_Startup/startup_sam3xa.o
 .debug_macro   0x00000353      0x874 Device_Startup/startup_sam3xa.o
 .debug_macro   0x00000bc7       0x22 Device_Startup/startup_sam3xa.o
 .debug_macro   0x00000be9       0x87 Device_Startup/startup_sam3xa.o
 .debug_macro   0x00000c70       0x44 Device_Startup/startup_sam3xa.o
 .debug_macro   0x00000cb4       0xfd Device_Startup/startup_sam3xa.o
 .debug_macro   0x00000db1       0x22 Device_Startup/startup_sam3xa.o
 .debug_macro   0x00000dd3      0x1df Device_Startup/startup_sam3xa.o
 .debug_macro   0x00000fb2       0x20 Device_Startup/startup_sam3xa.o
 .debug_macro   0x00000fd2       0x3a Device_Startup/startup_sam3xa.o
 .debug_macro   0x0000100c       0x2d Device_Startup/startup_sam3xa.o
 .debug_macro   0x00001039      0xbb1 Device_Startup/startup_sam3xa.o
 .debug_macro   0x00001bea      0xa7d Device_Startup/startup_sam3xa.o
 .debug_macro   0x00002667      0x55a Device_Startup/startup_sam3xa.o
 .debug_macro   0x00002bc1      0x1a8 Device_Startup/startup_sam3xa.o
 .debug_macro   0x00002d69      0x30b Device_Startup/startup_sam3xa.o
 .debug_macro   0x00003074      0x709 Device_Startup/startup_sam3xa.o
 .debug_macro   0x0000377d       0xd6 Device_Startup/startup_sam3xa.o
 .debug_macro   0x00003853      0x56c Device_Startup/startup_sam3xa.o
 .debug_macro   0x00003dbf       0x1c Device_Startup/startup_sam3xa.o
 .debug_macro   0x00003ddb      0x678 Device_Startup/startup_sam3xa.o
 .debug_macro   0x00004453      0x51e Device_Startup/startup_sam3xa.o
 .debug_macro   0x00004971       0xbe Device_Startup/startup_sam3xa.o
 .debug_macro   0x00004a2f     0x2333 Device_Startup/startup_sam3xa.o
 .debug_macro   0x00006d62      0x7d1 Device_Startup/startup_sam3xa.o
 .debug_macro   0x00007533      0xdbb Device_Startup/startup_sam3xa.o
 .debug_macro   0x000082ee       0x9a Device_Startup/startup_sam3xa.o
 .debug_macro   0x00008388      0x29c Device_Startup/startup_sam3xa.o
 .debug_macro   0x00008624       0x58 Device_Startup/startup_sam3xa.o
 .debug_macro   0x0000867c      0x999 Device_Startup/startup_sam3xa.o
 .debug_macro   0x00009015      0x22d Device_Startup/startup_sam3xa.o
 .debug_macro   0x00009242      0x4b4 Device_Startup/startup_sam3xa.o
 .debug_macro   0x000096f6      0x64a Device_Startup/startup_sam3xa.o
 .debug_macro   0x00009d40      0x590 Device_Startup/startup_sam3xa.o
 .debug_macro   0x0000a2d0       0x46 Device_Startup/startup_sam3xa.o
 .debug_macro   0x0000a316      0x33f Device_Startup/startup_sam3xa.o
 .debug_macro   0x0000a655      0x27e Device_Startup/startup_sam3xa.o
 .debug_macro   0x0000a8d3     0x14dc Device_Startup/startup_sam3xa.o
 .debug_macro   0x0000bdaf      0x7cf Device_Startup/startup_sam3xa.o
 .debug_macro   0x0000c57e       0x76 Device_Startup/startup_sam3xa.o
 .debug_macro   0x0000c5f4       0x82 Device_Startup/startup_sam3xa.o
 .debug_macro   0x0000c676       0x76 Device_Startup/startup_sam3xa.o
 .debug_macro   0x0000c6ec       0x4c Device_Startup/startup_sam3xa.o
 .debug_macro   0x0000c738      0x100 Device_Startup/startup_sam3xa.o
 .debug_macro   0x0000c838      0x100 Device_Startup/startup_sam3xa.o
 .debug_macro   0x0000c938      0x100 Device_Startup/startup_sam3xa.o
 .debug_macro   0x0000ca38       0x88 Device_Startup/startup_sam3xa.o
 .debug_macro   0x0000cac0       0x88 Device_Startup/startup_sam3xa.o
 .debug_macro   0x0000cb48      0x3b4 Device_Startup/startup_sam3xa.o
 .debug_macro   0x0000cefc       0xbe Device_Startup/startup_sam3xa.o
 .debug_macro   0x0000cfba       0xbe Device_Startup/startup_sam3xa.o
 .debug_macro   0x0000d078       0xbe Device_Startup/startup_sam3xa.o
 .debug_macro   0x0000d136       0xbe Device_Startup/startup_sam3xa.o
 .debug_macro   0x0000d1f4      0x2b8 Device_Startup/startup_sam3xa.o
 .debug_macro   0x0000d4ac      0x118 Device_Startup/startup_sam3xa.o
 .debug_macro   0x0000d5c4      0x216 Device_Startup/startup_sam3xa.o
 .debug_macro   0x0000d7da      0x216 Device_Startup/startup_sam3xa.o
 .debug_macro   0x0000d9f0       0x2e Device_Startup/startup_sam3xa.o
 .debug_macro   0x0000da1e       0xac Device_Startup/startup_sam3xa.o
 .debug_macro   0x0000daca      0x13e Device_Startup/startup_sam3xa.o
 .debug_macro   0x0000dc08       0x7c Device_Startup/startup_sam3xa.o
 .debug_macro   0x0000dc84      0x1f6 Device_Startup/startup_sam3xa.o
 .debug_macro   0x0000de7a       0x64 Device_Startup/startup_sam3xa.o
 .debug_macro   0x0000dede       0xa6 Device_Startup/startup_sam3xa.o
 .debug_macro   0x0000df84       0x7c Device_Startup/startup_sam3xa.o
 .debug_macro   0x0000e000       0x16 Device_Startup/startup_sam3xa.o
 .debug_macro   0x0000e016       0x22 Device_Startup/startup_sam3xa.o
 .debug_macro   0x0000e038       0x22 Device_Startup/startup_sam3xa.o
 .debug_macro   0x0000e05a      0x10c Device_Startup/startup_sam3xa.o
 .debug_macro   0x0000e166      0x10c Device_Startup/startup_sam3xa.o
 .debug_macro   0x0000e272      0x10c Device_Startup/startup_sam3xa.o
 .debug_macro   0x0000e37e      0x10c Device_Startup/startup_sam3xa.o
 .debug_macro   0x0000e48a       0x1c Device_Startup/startup_sam3xa.o
 .debug_macro   0x0000e4a6       0x2e Device_Startup/startup_sam3xa.o
 .debug_macro   0x0000e4d4       0x22 Device_Startup/startup_sam3xa.o
 .debug_macro   0x0000e4f6       0x1c Device_Startup/startup_sam3xa.o
 .debug_macro   0x0000e512       0x58 Device_Startup/startup_sam3xa.o
 .debug_macro   0x0000e56a       0x10 Device_Startup/startup_sam3xa.o
 .debug_macro   0x0000e57a      0x27a Device_Startup/startup_sam3xa.o
 .debug_macro   0x0000e7f4      0xd34 Device_Startup/startup_sam3xa.o
 .debug_macro   0x0000f528      0x170 Device_Startup/startup_sam3xa.o
 .debug_macro   0x0000f698      0x365 Device_Startup/system_sam3xa.o

.debug_line     0x00000000     0x5c1e
 .debug_line    0x00000000      0x6ff Device_Startup/startup_sam3xa.o
 .debug_line    0x000006ff      0x75d Device_Startup/system_sam3xa.o
 .debug_line    0x00000e5c      0x3b3 libraries.o
 .debug_line    0x0000120f      0x385 main.o
 .debug_line    0x00001594      0x459 Peripherals/VCNL4010.o
 .debug_line    0x000019ed      0xb24 Peripherals/LSM9DS0.o
 .debug_line    0x00002511      0x2d1 Source/ioController.o
 .debug_line    0x000027e2      0x412 Source/pio.o
 .debug_line    0x00002bf4      0x3c4 Source/pmc.o
 .debug_line    0x00002fb8      0x2f0 Source/ringbuffer.o
 .debug_line    0x000032a8      0x2f2 Source/scheduler.o
 .debug_line    0x0000359a      0x5f9 Source/spi.o
 .debug_line    0x00003b93      0x30a Source/tc.o
 .debug_line    0x00003e9d      0x8e4 Source/timer.o
 .debug_line    0x00004781      0x973 Source/twi.o
 .debug_line    0x000050f4      0x4a0 Source/UART.o
 .debug_line    0x00005594      0x68a Source/USART.o

.debug_str      0x00000000    0x52b94
 .debug_str     0x00000000    0x4e76f Device_Startup/startup_sam3xa.o
                              0x4e935 (size before relaxing)
 .debug_str     0x0004e76f      0x2d7 Device_Startup/system_sam3xa.o
                              0x4e6ff (size before relaxing)
 .debug_str     0x0004ea46     0x1788 libraries.o
                               0x1a13 (size before relaxing)
 .debug_str     0x000501ce      0xb92 main.o
                               0x2323 (size before relaxing)
 .debug_str     0x00050d60       0x59 Peripherals/VCNL4010.o
                               0x1104 (size before relaxing)
 .debug_str     0x00050db9      0x478 Peripherals/LSM9DS0.o
                               0x20bb (size before relaxing)
 .debug_str     0x00051231      0x360 Source/ioController.o
                                0x8d8 (size before relaxing)
 .debug_str     0x00051591      0x2c6 Source/pio.o
                                0xae3 (size before relaxing)
 .debug_str     0x00051857      0x181 Source/pmc.o
                                0x5eb (size before relaxing)
 .debug_str     0x000519d8       0x8c Source/ringbuffer.o
                                0x584 (size before relaxing)
 .debug_str     0x00051a64       0x3c Source/scheduler.o
                                0x4b8 (size before relaxing)
 .debug_str     0x00051aa0      0x2d7 Source/spi.o
                               0x1216 (size before relaxing)
 .debug_str     0x00051d77      0x198 Source/tc.o
                                0x58a (size before relaxing)
 .debug_str     0x00051f0f      0x60a Source/timer.o
                               0x1866 (size before relaxing)
 .debug_str     0x00052519      0x4ff Source/twi.o
                               0x18be (size before relaxing)
 .debug_str     0x00052a18      0x10d Source/UART.o
                                0xf86 (size before relaxing)
 .debug_str     0x00052b25       0x6f Source/USART.o
                               0x1096 (size before relaxing)

.debug_frame    0x00000000     0x1950
 .debug_frame   0x00000000       0x38 Device_Startup/startup_sam3xa.o
 .debug_frame   0x00000038       0x40 Device_Startup/system_sam3xa.o
 .debug_frame   0x00000078       0xac libraries.o
 .debug_frame   0x00000124       0x68 main.o
 .debug_frame   0x0000018c      0x170 Peripherals/VCNL4010.o
 .debug_frame   0x000002fc      0x490 Peripherals/LSM9DS0.o
 .debug_frame   0x0000078c       0xac Source/ioController.o
 .debug_frame   0x00000838      0x108 Source/pio.o
 .debug_frame   0x00000940      0x150 Source/pmc.o
 .debug_frame   0x00000a90       0xd0 Source/ringbuffer.o
 .debug_frame   0x00000b60       0x80 Source/scheduler.o
 .debug_frame   0x00000be0      0x214 Source/spi.o
 .debug_frame   0x00000df4       0xcc Source/tc.o
 .debug_frame   0x00000ec0      0x2bc Source/timer.o
 .debug_frame   0x0000117c      0x3e4 Source/twi.o
 .debug_frame   0x00001560      0x118 Source/UART.o
 .debug_frame   0x00001678      0x1a0 Source/USART.o
 .debug_frame   0x00001818       0x2c c:/program files (x86)/atmel/studio/7.0/toolchain/arm/arm-gnu-toolchain/bin/../lib/gcc/arm-none-eabi/5.3.1/../../../../arm-none-eabi/lib/armv7-m\libc.a(lib_a-init.o)
 .debug_frame   0x00001844       0x34 c:/program files (x86)/atmel/studio/7.0/toolchain/arm/arm-gnu-toolchain/bin/../lib/gcc/arm-none-eabi/5.3.1/../../../../arm-none-eabi/lib/armv7-m\libc.a(lib_a-memset.o)
 .debug_frame   0x00001878       0x50 c:/program files (x86)/atmel/studio/7.0/toolchain/arm/arm-gnu-toolchain/bin/../lib/gcc/arm-none-eabi/5.3.1/../../../../arm-none-eabi/lib/armv7-m\libc.a(lib_a-__call_atexit.o)
 .debug_frame   0x000018c8       0x20 c:/program files (x86)/atmel/studio/7.0/toolchain/arm/arm-gnu-toolchain/bin/../lib/gcc/arm-none-eabi/5.3.1/../../../../arm-none-eabi/lib/armv7-m\libc.a(lib_a-atexit.o)
 .debug_frame   0x000018e8       0x34 c:/program files (x86)/atmel/studio/7.0/toolchain/arm/arm-gnu-toolchain/bin/../lib/gcc/arm-none-eabi/5.3.1/../../../../arm-none-eabi/lib/armv7-m\libc.a(lib_a-fini.o)
 .debug_frame   0x0000191c       0x34 c:/program files (x86)/atmel/studio/7.0/toolchain/arm/arm-gnu-toolchain/bin/../lib/gcc/arm-none-eabi/5.3.1/../../../../arm-none-eabi/lib/armv7-m\libc.a(lib_a-__atexit.o)
